
> quiz-app@0.1.0 build
> next build

  Γû▓ Next.js 14.2.14
  - Environments: .env.local

   Creating an optimized production build ...
 Γ£ô Compiled successfully
   Linting and checking validity of types ...
node.exe : 
At C:\Program Files\nodejs\npm.ps1:29 char:3
+   & $NODE_EXE $NPM_CLI_JS $args
+   ~~~~~~~~~~~~~~~~~~~~~~~~~~~~~
    + CategoryInfo          : NotSpecified: (:Stri 
   ng) [], RemoteException
    + FullyQualifiedErrorId : NativeCommandError
 
Failed to compile.

./app/(dashboard)/attempts/[id]/page.tsx
10:42  Error: Unexpected any. Specify a different 
type.  @typescript-eslint/no-explicit-any

./app/(dashboard)/dashboard/page.tsx
16:20  Error: Unexpected any. Specify a different 
type.  @typescript-eslint/no-explicit-any
17:27  Error: Unexpected any. Specify a different 
type.  @typescript-eslint/no-explicit-any
18:21  Error: Unexpected any. Specify a different 
type.  @typescript-eslint/no-explicit-any

./app/(dashboard)/groups/page.tsx
19:15  Error: Unexpected any. Specify a different 
type.  @typescript-eslint/no-explicit-any

./app/(dashboard)/quizzes/create/page.tsx
6:10  Error: 'Brain' is defined but never used.  
@typescript-eslint/no-unused-vars

./app/(dashboard)/quizzes/page.tsx
28:46  Error: Unexpected any. Specify a different 
type.  @typescript-eslint/no-explicit-any

./app/(dashboard)/quizzes/[id]/attempt/page.tsx
12:64  Error: Unexpected any. Specify a different 
type.  @typescript-eslint/no-explicit-any
16:43  Error: Unexpected any. Specify a different 
type.  @typescript-eslint/no-explicit-any
20:65  Error: Unexpected any. Specify a different 
type.  @typescript-eslint/no-explicit-any
36:55  Error: Unexpected any. Specify a different 
type.  @typescript-eslint/no-explicit-any
81:9  Error: 'handleAutoSubmit' is assigned a 
value but never used.  
@typescript-eslint/no-unused-vars
107:59  Error: Unexpected any. Specify a different 
type.  @typescript-eslint/no-explicit-any
115:60  Error: Unexpected any. Specify a different 
type.  @typescript-eslint/no-explicit-any
124:61  Error: Unexpected any. Specify a different 
type.  @typescript-eslint/no-explicit-any

./app/(dashboard)/quizzes/[id]/edit/page.tsx
11:36  Error: Unexpected any. Specify a different 
type.  @typescript-eslint/no-explicit-any
22:60  Error: Unexpected any. Specify a different 
type.  @typescript-eslint/no-explicit-any
22:112  Error: Unexpected any. Specify a different 
type.  @typescript-eslint/no-explicit-any

./app/(dashboard)/quizzes/[id]/page.tsx
6:10  Error: 'Brain' is defined but never used.  
@typescript-eslint/no-unused-vars
11:36  Error: Unexpected any. Specify a different 
type.  @typescript-eslint/no-explicit-any
13:10  Error: 'error' is assigned a value but 
never used.  @typescript-eslint/no-unused-vars
33:21  Error: Unexpected any. Specify a different 
type.  @typescript-eslint/no-explicit-any
53:14  Error: 'err' is defined but never used.  
@typescript-eslint/no-unused-vars
76:49  Error: Unexpected any. Specify a different 
type.  @typescript-eslint/no-explicit-any

./app/(dashboard)/quizzes/[id]/reports/page.tsx
12:5  Error: 'ChevronRight' is defined but never 
used.  @typescript-eslint/no-unused-vars
17:8  Error: 'Link' is defined but never used.  
@typescript-eslint/no-unused-vars
22:38  Error: Unexpected any. Specify a different 
type.  @typescript-eslint/no-explicit-any
57:50  Error: Unexpected any. Specify a different 
type.  @typescript-eslint/no-explicit-any
130:95  Error: Unexpected any. Specify a different 
type.  @typescript-eslint/no-explicit-any
133:49  Error: Unexpected any. Specify a different 
type.  @typescript-eslint/no-explicit-any
134:62  Error: Unexpected any. Specify a different 
type.  @typescript-eslint/no-explicit-any
180:65  Error: Unexpected any. Specify a different 
type.  @typescript-eslint/no-explicit-any
237:55  Error: Unexpected any. Specify a different 
type.  @typescript-eslint/no-explicit-any
238:25  Error: Unexpected any. Specify a different 
type.  @typescript-eslint/no-explicit-any

./app/(dashboard)/settings/page.tsx
15:56  Error: Unexpected any. Specify a different 
type.  @typescript-eslint/no-explicit-any
18:9  Error: 'router' is assigned a value but 
never used.  @typescript-eslint/no-unused-vars

./app/api/attempts/route.ts
10:40  Error: Unexpected any. Specify a different 
type.  @typescript-eslint/no-explicit-any
21:27  Error: 'req' is defined but never used.  
@typescript-eslint/no-unused-vars

./app/api/attempts/[id]/route.ts
6:8  Error: 'Quiz' is defined but never used.  
@typescript-eslint/no-unused-vars

./app/api/quizzes/public/[nanoid]/route.ts
27:12  Error: Unexpected any. Specify a different 
type.  @typescript-eslint/no-explicit-any
41:42  Error: Unexpected any. Specify a different 
type.  @typescript-eslint/no-explicit-any

./app/api/quizzes/route.ts
17:31  Error: Unexpected any. Specify a different 
type.  @typescript-eslint/no-explicit-any
36:19  Error: Unexpected any. Specify a different 
type.  @typescript-eslint/no-explicit-any

./app/api/quizzes/[id]/route.ts
32:14  Error: 'e' is defined but never used.  
@typescript-eslint/no-unused-vars
76:19  Error: 'isCorrect' is assigned a value but 
never used.  @typescript-eslint/no-unused-vars
116:13  Error: '_id' is assigned a value but never 
used.  @typescript-eslint/no-unused-vars
116:18  Error: 'createdAt' is assigned a value but 
never used.  @typescript-eslint/no-unused-vars
116:29  Error: 'updatedAt' is assigned a value but 
never used.  @typescript-eslint/no-unused-vars
116:40  Error: 'createdBy' is assigned a value but 
never used.  @typescript-eslint/no-unused-vars

./app/layout.tsx
31:9  Warning: Custom fonts not added in 
`pages/_document.js` will only load for a single 
page. This is discouraged. See: https://nextjs.org/
docs/messages/no-page-custom-font  
@next/next/no-page-custom-font

./components/attempt/AttemptCard.tsx
4:61  Error: Unexpected any. Specify a different 
type.  @typescript-eslint/no-explicit-any

./components/attempt/AttemptList.tsx
3:63  Error: Unexpected any. Specify a different 
type.  @typescript-eslint/no-explicit-any

./components/attempt/ScoreDisplay.tsx
6:54  Error: 'rawAnswers' is defined but never 
used.  @typescript-eslint/no-unused-vars
6:78  Error: Unexpected any. Specify a different 
type.  @typescript-eslint/no-explicit-any
6:89  Error: Unexpected any. Specify a different 
type.  @typescript-eslint/no-explicit-any
6:106  Error: Unexpected any. Specify a different 
type.  @typescript-eslint/no-explicit-any
7:9  Error: 'isPassed' is assigned a value but 
never used.  @typescript-eslint/no-unused-vars
70:97  Error: Unexpected any. Specify a different 
type.  @typescript-eslint/no-explicit-any
73:45  Error: Unexpected any. Specify a different 
type.  @typescript-eslint/no-explicit-any
74:58  Error: Unexpected any. Specify a different 
type.  @typescript-eslint/no-explicit-any
117:41  Error: Unexpected any. Specify a different 
type.  @typescript-eslint/no-explicit-any
118:64  Error: Unexpected any. Specify a different 
type.  @typescript-eslint/no-explicit-any
120:74  Error: Unexpected any. Specify a different 
type.  @typescript-eslint/no-explicit-any

./components/DashboardStats.tsx
3:60  Error: Unexpected any. Specify a different 
type.  @typescript-eslint/no-explicit-any

./components/forms/QuestionForm.tsx
15:74  Error: Unexpected any. Specify a different 
type.  @typescript-eslint/no-explicit-any
15:99  Error: Unexpected any. Specify a different 
type.  @typescript-eslint/no-explicit-any
74:51  Error: Unexpected any. Specify a different 
type.  @typescript-eslint/no-explicit-any
89:54  Error: Unexpected any. Specify a different 
type.  @typescript-eslint/no-explicit-any
90:34  Error: Unexpected any. Specify a different 
type.  @typescript-eslint/no-explicit-any
183:42  Error: Unexpected any. Specify a different 
type.  @typescript-eslint/no-explicit-any

./components/forms/QuizForm.tsx
16:133  Error: Unexpected any. Specify a different 
type.  @typescript-eslint/no-explicit-any
19:46  Error: Unexpected any. Specify a different 
type.  @typescript-eslint/no-explicit-any
30:10  Error: 'error' is assigned a value but 
never used.  @typescript-eslint/no-unused-vars
45:59  Error: Unexpected any. Specify a different 
type.  @typescript-eslint/no-explicit-any

./components/landing/FeatureGrid.tsx
12:3  Error: 'MessageSquare' is defined but never 
used.  @typescript-eslint/no-unused-vars
103:83  Error: Unexpected any. Specify a different 
type.  @typescript-eslint/no-explicit-any

./components/landing/FeatureShowcase.tsx
7:8  Error: 'Link' is defined but never used.  
@typescript-eslint/no-unused-vars

./components/quiz/QuestionDisplay.tsx
3:24  Error: 'Circle' is defined but never used.  
@typescript-eslint/no-unused-vars
14:13  Error: Unexpected any. Specify a different 
type.  @typescript-eslint/no-explicit-any
52:42  Error: Unexpected any. Specify a different 
type.  @typescript-eslint/no-explicit-any

./components/quiz/QuizCard.tsx
2:45  Error: 'HelpCircle' is defined but never 
used.  @typescript-eslint/no-unused-vars
2:57  Error: 'User' is defined but never used.  
@typescript-eslint/no-unused-vars
2:63  Error: 'ChevronRight' is defined but never 
used.  @typescript-eslint/no-unused-vars
4:52  Error: Unexpected any. Specify a different 
type.  @typescript-eslint/no-explicit-any

./components/quiz/QuizList.tsx
3:58  Error: Unexpected any. Specify a different 
type.  @typescript-eslint/no-explicit-any

./components/RecentActivity.tsx
4:88  Error: Unexpected any. Specify a different 
type.  @typescript-eslint/no-explicit-any

./components/SessionProvider.tsx
5:102  Error: Unexpected any. Specify a different 
type.  @typescript-eslint/no-explicit-any

./lib/models/Attempt.ts
1:8  Error: 'mongoose' is defined but never used.  
@typescript-eslint/no-unused-vars

./lib/models/Group.ts
1:8  Error: 'mongoose' is defined but never used.  
@typescript-eslint/no-unused-vars

./lib/models/Quiz.ts
1:8  Error: 'mongoose' is defined but never used.  
@typescript-eslint/no-unused-vars

./lib/models/QuizAccessRequest.ts
1:8  Error: 'mongoose' is defined but never used.  
@typescript-eslint/no-unused-vars

./lib/models/QuizRole.ts
1:8  Error: 'mongoose' is defined but never used.  
@typescript-eslint/no-unused-vars

./lib/models/User.ts
1:8  Error: 'mongoose' is defined but never used.  
@typescript-eslint/no-unused-vars

./lib/mongodb.ts
4:3  Error: Unexpected var, use let or const 
instead.  no-var
4:36  Error: Unexpected any. Specify a different 
type.  @typescript-eslint/no-explicit-any
4:50  Error: Unexpected any. Specify a different 
type.  @typescript-eslint/no-explicit-any

info  - Need to disable some ESLint rules? Learn 
more here: https://nextjs.org/docs/basic-features/e
slint#disabling-rules
